[db] classes=4902  with imprint=4865 (99.2%)
============================================================
E5(a) Branch ablation (fold _3, both-sides, λ=0.2)
============================================================
Branch              top-1    top-5      MAP
Visual-only        0.9089   0.9936   0.9485
Imprint-only       0.3514   0.6294   0.8452
MIRA-Pill          0.9585   0.9984   0.9780

============================================================
E5(b) Sensitivity to lambda (fold _3, topK=20)
============================================================
  λ=0.0: top1=0.9089  MAP=0.9485
  λ=0.1: top1=0.9457  MAP=0.9704
  λ=0.2: top1=0.9585  MAP=0.9780
  λ=0.3: top1=0.9457  MAP=0.9713
  λ=0.5: top1=0.9393  MAP=0.9673
  λ=0.8: top1=0.9201  MAP=0.9539

E5(b) Sensitivity to top-K (fold _3, λ=0.2)
  K= 5: top1=0.9569  MAP=0.9757
  K=10: top1=0.9585  MAP=0.9780
  K=20: top1=0.9585  MAP=0.9780
  K=50: top1=0.9585  MAP=0.9780
============================================================
